{
  "foo": [
    null,
    false,
    true,
    1,
    "2",
    [
      "3",
      "4"
    ]
  ],
  "bar": "SGVsbG9Xb3JsZA=="
}
