{
  "UserId": "00000000-0000-0000-0000-000000000001",
  "Timestamp": "2022-10-18T16:42:00Z",
  "RoleIds": [
    "00000000-0000-0000-0000-100000000001",
    "00000000-0000-0000-0000-100000000002",
    "00000000-0000-0000-0000-000000000004",
    "00000000-0000-0000-0000-000000000005"
  ]
}
