{
  "UserId": "550e83bf-5117-4b85-a145-bcca4742cb6c",
  "Timestamp": "2022-10-19T16:42:00.0000000+00:00",
  "RoleIds": [
    "bfd107fc-7777-4208-8d41-4072c0878e9a",
    "0cd085ee-3285-4eed-be74-8f1c8b575334",
    "530ee358-ef36-4314-9e3a-4e63250917e5",
    "729061bf-eac8-492f-9d5a-b9fe7bd5496c"
  ]
}
