{
  "UserId": "f4ebd04f-0bd7-43b9-90a8-d6de295927f3",
  "Timestamp": "2022-10-18T16:42:00Z",
  "RoleIds": [
    "aa5988f8-4a3f-40ae-987b-22bac870b170",
    "14598640-6c86-4206-b1a6-753e640b008a"
  ]
}
