[
  {
    "UserId": "51b78930-5854-4e91-b4c2-000000000002",
    "Timestamp": "2022-10-18T16:02:00Z",
    "RoleIds": [
      "0ae4be37-7156-48a6-8598-000000000002",
      "9f825216-3ed1-4543-89d6-000000000002"
    ]
  },
  {
    "UserId": "51b78930-5854-4e91-b4c2-000000000003",
    "Timestamp": "2022-10-18T16:03:00Z",
    "RoleIds": [
      "0ae4be37-7156-48a6-8598-000000000003",
      "9f825216-3ed1-4543-89d6-000000000003"
    ]
  },
  {
    "UserId": "51b78930-5854-4e91-b4c2-000000000001",
    "Timestamp": "2022-10-18T16:01:00Z",
    "RoleIds": [
      "0ae4be37-7156-48a6-8598-000000000001",
      "9f825216-3ed1-4543-89d6-000000000001"
    ]
  }
]
