[
  {
    "UserId": "00000000-0000-0000-0000-000000000002",
    "Timestamp": "2022-10-18T16:43:00Z",
    "RoleIds": [
      "00000000-0000-0000-0000-100000000002",
      "00000000-0000-0000-0000-100000000003"
    ]
  },
  {
    "UserId": "00000000-0000-0000-0000-000000000002",
    "Timestamp": "2022-10-18T16:45:00Z",
    "RoleIds": [
      "00000000-0000-0000-0000-100000000004",
      "00000000-0000-0000-0000-100000000005"
    ]
  }
]
