{
  "UserId": "4793561c-e693-4e58-b31f-99bd9df840ab",
  "Timestamp": "2022-10-18T16:42:00.0000000+00:00",
  "RoleIds": [
    "3d023a08-ed04-4bd5-b9c2-32c11a7b8199",
    "aef0a60f-f5e5-416c-bfa4-9d7c2f66d207"
  ]
}
