{
  "UserId": "00000000-0000-0000-0000-000000000001",
  "Timestamp": "2022-10-18T16:42:00",
  "RoleIds": [
    "00000000-0000-0000-0000-000000000002",
    "00000000-0000-0000-0000-000000000003"
  ]
}
