[
  {
    "userId": {
      "S": "40822a39-1d07-4170-9486-000000000004"
    },
    "timestamp": {
      "S": "2022-10-18T16:04:00.0000000+00:00"
    },
    "roleIds": {
      "L": [
        {
          "S": "4bd6e5ff-3f77-4895-b861-000000000004"
        },
        {
          "S": "34f9d49a-706d-4bed-b9e8-000000000004"
        }
      ]
    }
  },
  {
    "userId": {
      "S": "40822a39-1d07-4170-9486-000000000003"
    },
    "timestamp": {
      "S": "2022-10-18T16:03:00.0000000+00:00"
    },
    "roleIds": {
      "L": [
        {
          "S": "4bd6e5ff-3f77-4895-b861-000000000003"
        },
        {
          "S": "34f9d49a-706d-4bed-b9e8-000000000003"
        }
      ]
    }
  },
  {
    "userId": {
      "S": "40822a39-1d07-4170-9486-000000000001"
    },
    "roleIds": {
      "L": [
        {
          "S": "4bd6e5ff-3f77-4895-b861-000000000001"
        },
        {
          "S": "34f9d49a-706d-4bed-b9e8-000000000001"
        },
        {
          "S": "12d73fb1-5286-4376-b3b5-e03eb6a4ec13"
        },
        {
          "S": "8f671114-c522-4a5b-9490-0165a1b8e56e"
        }
      ]
    },
    "timestamp": {
      "S": "2022-10-18T16:01:00.0000000+00:00"
    }
  }
]
