[
  {
    "UserId": "51b78930-5854-4e91-b4c2-000000000002",
    "Timestamp": "2022-10-18T16:02:00+00:00",
    "LinkedPostIds": [
      "0ae4be37-7156-48a6-8598-000000000002",
      "9f825216-3ed1-4543-89d6-000000000002"
    ],
    "Content": null,
    "Priority": 0,
    "Tags": [],
    "ExternalId": null,
    "Version": 1
  },
  {
    "UserId": "51b78930-5854-4e91-b4c2-000000000003",
    "Timestamp": "2022-10-18T16:03:00+00:00",
    "LinkedPostIds": [
      "0ae4be37-7156-48a6-8598-000000000003",
      "9f825216-3ed1-4543-89d6-000000000003"
    ],
    "Content": null,
    "Priority": 0,
    "Tags": [],
    "ExternalId": null,
    "Version": 1
  },
  {
    "UserId": "51b78930-5854-4e91-b4c2-000000000001",
    "Timestamp": "2022-10-18T16:01:00+00:00",
    "LinkedPostIds": [
      "0ae4be37-7156-48a6-8598-000000000001",
      "9f825216-3ed1-4543-89d6-000000000001"
    ],
    "Content": null,
    "Priority": 0,
    "Tags": [],
    "ExternalId": null,
    "Version": 1
  }
]
