{
  "user": {
    "UserId": "8670ca59-b316-43b2-a6bf-103825793018",
    "UserStatus": "Active",
    "Username": "johndoe",
    "FullName": "John Doe",
    "ItemVersion": 0
  },
  "userNotification": {
    "UserId": "8670ca59-b316-43b2-a6bf-103825793018",
    "Timestamp": "2024-04-15T08:41:00+00:00",
    "Message": "Your account will soon be available."
  }
}
